// Jest Snapshot v1, https://goo.gl/fbAQLP

exports[`EventList component render EventList render EventList with props 1`] = `
<div
  className="event-list"
>
  <div
    className="event-list__event-wrapper"
  >
    <div
      className="event-list__event"
      key="0"
    >
      <div
        className="event-list__container"
      >
        <h2
          className="event-list__title"
        >
          mocki
        </h2>
        <button
          className="event-list__btn-delete event-list__btn-0"
          onClick={[Function]}
        >
          X
        </button>
      </div>
      <div
        className="event-list__clock"
      >
        <span>
          12:00
        </span>
         - 
        <span>
          12:30
        </span>
      </div>
      <p
        className="event-list__date"
      >
        28-07-2021
      </p>
    </div>
    <div
      className="event-list__event"
      key="1"
    >
      <div
        className="event-list__container"
      >
        <h2
          className="event-list__title"
        >
          Loki-moki
        </h2>
        <button
          className="event-list__btn-delete event-list__btn-1"
          onClick={[Function]}
        >
          X
        </button>
      </div>
      <div
        className="event-list__clock"
      >
        <span>
          16:00
        </span>
         - 
        <span>
          18:30
        </span>
      </div>
      <p
        className="event-list__date"
      >
        28-09-2021
      </p>
    </div>
    <div
      className="event-list__event"
      key="2"
    >
      <div
        className="event-list__container"
      >
        <h2
          className="event-list__title"
        >
          PockMocki
        </h2>
        <button
          className="event-list__btn-delete event-list__btn-2"
          onClick={[Function]}
        >
          X
        </button>
      </div>
      <div
        className="event-list__clock"
      >
        <span>
          9:00
        </span>
         - 
        <span>
          10:30
        </span>
      </div>
      <p
        className="event-list__date"
      >
        30-07-2021
      </p>
    </div>
  </div>
  <button
    className="event-list__btn"
    onClick={[Function]}
    type="submit"
  >
    Новое событие
  </button>
</div>
`;

exports[`EventList component render EventList render EventList without props 1`] = `
<div
  className="event-list"
>
  <div
    className="event-list__event-wrapper"
  />
  <button
    className="event-list__btn"
    onClick={[Function]}
    type="submit"
  >
    Новое событие
  </button>
</div>
`;
